// Jest Snapshot v1, https://goo.gl/fbAQLP

exports[`Button should render Button with styles 1`] = `
<button
  className="sc-bdvvtL kBliwQ"
/>
`;
