// Jest Snapshot v1, https://goo.gl/fbAQLP

exports[`Header should render Header with styles 1`] = `
<header
  className="sc-bdvvtL dkBQGu"
/>
`;
