// Jest Snapshot v1, https://goo.gl/fbAQLP

exports[`Utils constants should match snapshot 1`] = `
Object {
  "DECLINED_IMAGES_KEY": "declinedImages",
  "LIKED_IMAGES_KEY": "likedImages",
}
`;
